[0m10:30:57.883334 [debug] [MainThread]: Sending event: {'category': 'dbt', 'action': 'invocation', 'label': 'start', 'context': [<snowplow_tracker.self_describing_json.SelfDescribingJson object at 0x1069d7f50>, <snowplow_tracker.self_describing_json.SelfDescribingJson object at 0x1076df560>, <snowplow_tracker.self_describing_json.SelfDescribingJson object at 0x1076df2f0>]}


============================== 10:30:57.887018 | c68ff7ac-9714-48cf-b269-36083afb094c ==============================
[0m10:30:57.887018 [info ] [MainThread]: Running with dbt=1.10.13
[0m10:30:57.887391 [debug] [MainThread]: running dbt with arguments {'warn_error_options': 'WarnErrorOptionsV2(error=[], warn=[], silence=[])', 'profiles_dir': '/Users/pedroapolonio/.dbt', 'log_format': 'default', 'quiet': 'False', 'cache_selected_only': 'False', 'log_path': 'logs', 'introspect': 'True', 'printer_width': '80', 'empty': 'None', 'log_cache_events': 'False', 'indirect_selection': 'eager', 'static_parser': 'True', 'use_experimental_parser': 'False', 'send_anonymous_usage_stats': 'True', 'warn_error': 'None', 'version_check': 'True', 'debug': 'False', 'partial_parse': 'True', 'no_print': 'None', 'fail_fast': 'False', 'target_path': 'None', 'invocation_command': 'dbt init', 'write_json': 'True', 'use_colors': 'True'}
[0m10:31:12.884815 [debug] [MainThread]: Starter project path: /Users/pedroapolonio/Documents/workspace/airflow_dbt/local_setup/.venv/lib/python3.12/site-packages/dbt/include/starter_project
[0m10:31:12.902959 [info ] [MainThread]: 
Your new dbt project "jornada_dw" was created!

For more information on how to configure the profiles.yml file,
please consult the dbt documentation here:

  https://docs.getdbt.com/docs/configure-your-profile

One more thing:

Need help? Don't hesitate to reach out to us via GitHub issues or on Slack:

  https://community.getdbt.com/

Happy modeling!

[0m10:31:12.903889 [info ] [MainThread]: Setting up your profile.
[0m10:33:18.564687 [info ] [MainThread]: Profile jornada_dw written to /Users/pedroapolonio/.dbt/profiles.yml using target's profile_template.yml and your supplied values. Run 'dbt debug' to validate the connection.
[0m10:33:18.588168 [debug] [MainThread]: Resource report: {"command_name": "init", "command_success": true, "command_wall_clock_time": 140.75156, "process_in_blocks": "0", "process_kernel_time": 0.222474, "process_mem_max_rss": "101957632", "process_out_blocks": "0", "process_user_time": 0.857513}
[0m10:33:18.589453 [debug] [MainThread]: Command `dbt init` succeeded at 10:33:18.589245 after 140.76 seconds
[0m10:33:18.590701 [debug] [MainThread]: Sending event: {'category': 'dbt', 'action': 'invocation', 'label': 'end', 'context': [<snowplow_tracker.self_describing_json.SelfDescribingJson object at 0x1030ceb10>, <snowplow_tracker.self_describing_json.SelfDescribingJson object at 0x10778e6c0>, <snowplow_tracker.self_describing_json.SelfDescribingJson object at 0x1071e2180>]}
[0m10:33:18.591510 [debug] [MainThread]: Flushing usage events
[0m10:33:19.231539 [debug] [MainThread]: An error was encountered while trying to flush usage events
[0m11:35:23.505638 [debug] [MainThread]: Sending event: {'category': 'dbt', 'action': 'invocation', 'label': 'start', 'context': [<snowplow_tracker.self_describing_json.SelfDescribingJson object at 0x108d9f980>, <snowplow_tracker.self_describing_json.SelfDescribingJson object at 0x10896adb0>, <snowplow_tracker.self_describing_json.SelfDescribingJson object at 0x10924e7e0>]}


============================== 11:35:23.509290 | 4c0a2e2b-1b4d-4395-94e8-713f7000dbf6 ==============================
[0m11:35:23.509290 [info ] [MainThread]: Running with dbt=1.10.13
[0m11:35:23.509673 [debug] [MainThread]: running dbt with arguments {'static_parser': 'True', 'use_experimental_parser': 'False', 'invocation_command': 'dbt deps', 'target_path': 'None', 'log_format': 'default', 'use_colors': 'True', 'printer_width': '80', 'log_path': 'logs', 'debug': 'False', 'version_check': 'True', 'empty': 'None', 'introspect': 'True', 'no_print': 'None', 'warn_error_options': 'WarnErrorOptionsV2(error=[], warn=[], silence=[])', 'partial_parse': 'True', 'write_json': 'True', 'warn_error': 'None', 'log_cache_events': 'False', 'quiet': 'False', 'send_anonymous_usage_stats': 'True', 'profiles_dir': '/Users/pedroapolonio/.dbt', 'fail_fast': 'False', 'indirect_selection': 'eager', 'cache_selected_only': 'False'}
[0m11:35:23.510193 [error] [MainThread]: Encountered an error:
Runtime Error
  No dbt_project.yml found at expected path /Users/pedroapolonio/Documents/workspace/airflow_dbt/data_warehouse/dbt_project.yml
  Verify that each entry within packages.yml (and their transitive dependencies) contains a file named dbt_project.yml
  
[0m11:35:23.512001 [debug] [MainThread]: Resource report: {"command_name": "deps", "command_success": false, "command_wall_clock_time": 0.05131817, "process_in_blocks": "0", "process_kernel_time": 0.131945, "process_mem_max_rss": "102187008", "process_out_blocks": "0", "process_user_time": 0.782885}
[0m11:35:23.512288 [debug] [MainThread]: Command `dbt deps` failed at 11:35:23.512239 after 0.05 seconds
[0m11:35:23.512493 [debug] [MainThread]: Sending event: {'category': 'dbt', 'action': 'invocation', 'label': 'end', 'context': [<snowplow_tracker.self_describing_json.SelfDescribingJson object at 0x1090fdf10>, <snowplow_tracker.self_describing_json.SelfDescribingJson object at 0x1094236b0>, <snowplow_tracker.self_describing_json.SelfDescribingJson object at 0x109423260>]}
[0m11:35:23.512678 [debug] [MainThread]: Flushing usage events
[0m11:35:24.042716 [debug] [MainThread]: An error was encountered while trying to flush usage events
[0m11:36:54.124067 [debug] [MainThread]: Sending event: {'category': 'dbt', 'action': 'invocation', 'label': 'start', 'context': [<snowplow_tracker.self_describing_json.SelfDescribingJson object at 0x106098200>, <snowplow_tracker.self_describing_json.SelfDescribingJson object at 0x1063e6420>, <snowplow_tracker.self_describing_json.SelfDescribingJson object at 0x1071a3710>]}


============================== 11:36:54.127754 | 4a80e227-6985-411e-a488-a5415be9479a ==============================
[0m11:36:54.127754 [info ] [MainThread]: Running with dbt=1.10.13
[0m11:36:54.128130 [debug] [MainThread]: running dbt with arguments {'send_anonymous_usage_stats': 'True', 'introspect': 'True', 'static_parser': 'True', 'warn_error': 'None', 'profiles_dir': '/Users/pedroapolonio/.dbt', 'log_path': 'logs', 'printer_width': '80', 'version_check': 'True', 'warn_error_options': 'WarnErrorOptionsV2(error=[], warn=[], silence=[])', 'no_print': 'None', 'use_experimental_parser': 'False', 'log_cache_events': 'False', 'cache_selected_only': 'False', 'quiet': 'False', 'empty': 'None', 'target_path': 'None', 'use_colors': 'True', 'partial_parse': 'True', 'write_json': 'True', 'log_format': 'default', 'invocation_command': 'dbt deps', 'debug': 'False', 'fail_fast': 'False', 'indirect_selection': 'eager'}
[0m11:36:54.128642 [error] [MainThread]: Encountered an error:
Runtime Error
  No dbt_project.yml found at expected path /Users/pedroapolonio/Documents/workspace/airflow_dbt/data_warehouse/dbt_project.yml
  Verify that each entry within packages.yml (and their transitive dependencies) contains a file named dbt_project.yml
  
[0m11:36:54.130479 [debug] [MainThread]: Resource report: {"command_name": "deps", "command_success": false, "command_wall_clock_time": 0.049062416, "process_in_blocks": "0", "process_kernel_time": 0.132024, "process_mem_max_rss": "102072320", "process_out_blocks": "0", "process_user_time": 0.78014}
[0m11:36:54.130808 [debug] [MainThread]: Command `dbt deps` failed at 11:36:54.130751 after 0.05 seconds
[0m11:36:54.131023 [debug] [MainThread]: Sending event: {'category': 'dbt', 'action': 'invocation', 'label': 'end', 'context': [<snowplow_tracker.self_describing_json.SelfDescribingJson object at 0x107465160>, <snowplow_tracker.self_describing_json.SelfDescribingJson object at 0x10782b620>, <snowplow_tracker.self_describing_json.SelfDescribingJson object at 0x107c2af90>]}
[0m11:36:54.131229 [debug] [MainThread]: Flushing usage events
[0m11:36:54.578618 [debug] [MainThread]: An error was encountered while trying to flush usage events
[0m12:30:56.784943 [debug] [MainThread]: Sending event: {'category': 'dbt', 'action': 'invocation', 'label': 'start', 'context': [<snowplow_tracker.self_describing_json.SelfDescribingJson object at 0x1063eaab0>, <snowplow_tracker.self_describing_json.SelfDescribingJson object at 0x106a37cb0>, <snowplow_tracker.self_describing_json.SelfDescribingJson object at 0x106a37a40>]}


============================== 12:30:56.789168 | 74cbeab1-78b8-41eb-8490-d0e2fa52703b ==============================
[0m12:30:56.789168 [info ] [MainThread]: Running with dbt=1.10.13
[0m12:30:56.789584 [debug] [MainThread]: running dbt with arguments {'fail_fast': 'False', 'indirect_selection': 'eager', 'warn_error': 'None', 'empty': 'False', 'static_parser': 'True', 'printer_width': '80', 'write_json': 'True', 'log_format': 'default', 'log_path': 'logs', 'profiles_dir': '/Users/pedroapolonio/.dbt', 'use_experimental_parser': 'False', 'partial_parse': 'True', 'version_check': 'True', 'warn_error_options': 'WarnErrorOptionsV2(error=[], warn=[], silence=[])', 'introspect': 'True', 'use_colors': 'True', 'quiet': 'False', 'cache_selected_only': 'False', 'log_cache_events': 'False', 'invocation_command': 'dbt build --exclude-resource-type seed', 'target_path': 'None', 'no_print': 'None', 'debug': 'False', 'send_anonymous_usage_stats': 'True'}
[0m12:30:56.789981 [error] [MainThread]: Encountered an error:
Runtime Error
  No dbt_project.yml found at expected path /Users/pedroapolonio/Documents/workspace/airflow_dbt/data_warehouse/dbt_project.yml
  Verify that each entry within packages.yml (and their transitive dependencies) contains a file named dbt_project.yml
  
[0m12:30:56.791570 [debug] [MainThread]: Resource report: {"command_name": "build", "command_success": false, "command_wall_clock_time": 0.05471971, "process_in_blocks": "0", "process_kernel_time": 0.131644, "process_mem_max_rss": "103448576", "process_out_blocks": "0", "process_user_time": 0.810099}
[0m12:30:56.791950 [debug] [MainThread]: Command `dbt build` failed at 12:30:56.791888 after 0.06 seconds
[0m12:30:56.792178 [debug] [MainThread]: Sending event: {'category': 'dbt', 'action': 'invocation', 'label': 'end', 'context': [<snowplow_tracker.self_describing_json.SelfDescribingJson object at 0x106746cc0>, <snowplow_tracker.self_describing_json.SelfDescribingJson object at 0x106894980>, <snowplow_tracker.self_describing_json.SelfDescribingJson object at 0x106a37d10>]}
[0m12:30:56.792385 [debug] [MainThread]: Flushing usage events
[0m12:30:57.241608 [debug] [MainThread]: An error was encountered while trying to flush usage events
[0m12:32:18.632916 [debug] [MainThread]: Sending event: {'category': 'dbt', 'action': 'invocation', 'label': 'start', 'context': [<snowplow_tracker.self_describing_json.SelfDescribingJson object at 0x1103e6f00>, <snowplow_tracker.self_describing_json.SelfDescribingJson object at 0x106d466c0>, <snowplow_tracker.self_describing_json.SelfDescribingJson object at 0x106d466f0>]}


============================== 12:32:18.637190 | 492e86d0-6d0a-457b-ae7f-ddd29849be73 ==============================
[0m12:32:18.637190 [info ] [MainThread]: Running with dbt=1.10.13
[0m12:32:18.637571 [debug] [MainThread]: running dbt with arguments {'use_experimental_parser': 'False', 'partial_parse': 'True', 'profiles_dir': '/Users/pedroapolonio/.dbt', 'empty': 'False', 'static_parser': 'True', 'write_json': 'True', 'introspect': 'True', 'quiet': 'False', 'fail_fast': 'False', 'log_cache_events': 'False', 'warn_error': 'None', 'no_print': 'None', 'version_check': 'True', 'warn_error_options': 'WarnErrorOptionsV2(error=[], warn=[], silence=[])', 'invocation_command': 'dbt build --exclude-resource-type seed', 'indirect_selection': 'eager', 'use_colors': 'True', 'log_format': 'default', 'debug': 'False', 'send_anonymous_usage_stats': 'True', 'log_path': 'logs', 'printer_width': '80', 'cache_selected_only': 'False', 'target_path': 'None'}
[0m12:32:18.637936 [error] [MainThread]: Encountered an error:
Runtime Error
  No dbt_project.yml found at expected path /Users/pedroapolonio/Documents/workspace/airflow_dbt/data_warehouse/dbt_project.yml
  Verify that each entry within packages.yml (and their transitive dependencies) contains a file named dbt_project.yml
  
[0m12:32:18.639764 [debug] [MainThread]: Resource report: {"command_name": "build", "command_success": false, "command_wall_clock_time": 0.04955329, "process_in_blocks": "0", "process_kernel_time": 0.132779, "process_mem_max_rss": "103301120", "process_out_blocks": "0", "process_user_time": 0.792039}
[0m12:32:18.640087 [debug] [MainThread]: Command `dbt build` failed at 12:32:18.640031 after 0.05 seconds
[0m12:32:18.640298 [debug] [MainThread]: Sending event: {'category': 'dbt', 'action': 'invocation', 'label': 'end', 'context': [<snowplow_tracker.self_describing_json.SelfDescribingJson object at 0x1105e9b80>, <snowplow_tracker.self_describing_json.SelfDescribingJson object at 0x11032a2d0>, <snowplow_tracker.self_describing_json.SelfDescribingJson object at 0x11062bbc0>]}
[0m12:32:18.640494 [debug] [MainThread]: Flushing usage events
[0m12:32:19.075308 [debug] [MainThread]: An error was encountered while trying to flush usage events
